// Jest Snapshot v1, https://goo.gl/fbAQLP

exports[`matches snapshot 1`] = `
<DocumentFragment>
  <div
    class="text-center mt-5"
  >
    <div
      animation="border"
      class="spinner-border"
      role="status"
    >
      <span
        class="sr-only"
      >
        Loading...
      </span>
    </div>
    <span
      class="sr-only"
    >
      Loading...
    </span>
  </div>
</DocumentFragment>
`;
