// Jest Snapshot v1, https://goo.gl/fbAQLP

exports[`matches snapshot 1`] = `
<DocumentFragment>
  <button
    class="text-uppercase btn btn-success"
    type="button"
  />
</DocumentFragment>
`;
