// Jest Snapshot v1, https://goo.gl/fbAQLP

exports[`matches snapshot 1`] = `
<DocumentFragment>
  <div
    class="container"
  >
    <h2
      class="text-center mt-5"
    >
      404 Page Not Found
    </h2>
  </div>
</DocumentFragment>
`;
